// Jest Snapshot v1, https://goo.gl/fbAQLP

exports[`Flags should match snapshot 1`] = `
<Fragment>
  <h2>
    Command-Line Flags
  </h2>
  <Table
    bordered={true}
    responsiveTag="div"
    size="sm"
    striped={true}
    tag="table"
  >
    <tbody>
      <tr
        key="alertmanager.notification-queue-capacity"
      >
        <th>
          alertmanager.notification-queue-capacity
        </th>
        <td>
          10000
        </td>
      </tr>
      <tr
        key="alertmanager.timeout"
      >
        <th>
          alertmanager.timeout
        </th>
        <td>
          10s
        </td>
      </tr>
      <tr
        key="config.file"
      >
        <th>
          config.file
        </th>
        <td>
          ./documentation/examples/prometheus.yml
        </td>
      </tr>
      <tr
        key="log.format"
      >
        <th>
          log.format
        </th>
        <td>
          logfmt
        </td>
      </tr>
      <tr
        key="log.level"
      >
        <th>
          log.level
        </th>
        <td>
          info
        </td>
      </tr>
      <tr
        key="query.lookback-delta"
      >
        <th>
          query.lookback-delta
        </th>
        <td>
          5m
        </td>
      </tr>
      <tr
        key="query.max-concurrency"
      >
        <th>
          query.max-concurrency
        </th>
        <td>
          20
        </td>
      </tr>
      <tr
        key="query.max-samples"
      >
        <th>
          query.max-samples
        </th>
        <td>
          50000000
        </td>
      </tr>
      <tr
        key="query.timeout"
      >
        <th>
          query.timeout
        </th>
        <td>
          2m
        </td>
      </tr>
      <tr
        key="rules.alert.for-grace-period"
      >
        <th>
          rules.alert.for-grace-period
        </th>
        <td>
          10m
        </td>
      </tr>
      <tr
        key="rules.alert.for-outage-tolerance"
      >
        <th>
          rules.alert.for-outage-tolerance
        </th>
        <td>
          1h
        </td>
      </tr>
      <tr
        key="rules.alert.resend-delay"
      >
        <th>
          rules.alert.resend-delay
        </th>
        <td>
          1m
        </td>
      </tr>
      <tr
        key="storage.remote.flush-deadline"
      >
        <th>
          storage.remote.flush-deadline
        </th>
        <td>
          1m
        </td>
      </tr>
      <tr
        key="storage.remote.read-concurrent-limit"
      >
        <th>
          storage.remote.read-concurrent-limit
        </th>
        <td>
          10
        </td>
      </tr>
      <tr
        key="storage.remote.read-max-bytes-in-frame"
      >
        <th>
          storage.remote.read-max-bytes-in-frame
        </th>
        <td>
          1048576
        </td>
      </tr>
      <tr
        key="storage.remote.read-sample-limit"
      >
        <th>
          storage.remote.read-sample-limit
        </th>
        <td>
          50000000
        </td>
      </tr>
      <tr
        key="storage.tsdb.allow-overlapping-blocks"
      >
        <th>
          storage.tsdb.allow-overlapping-blocks
        </th>
        <td>
          false
        </td>
      </tr>
      <tr
        key="storage.tsdb.max-block-duration"
      >
        <th>
          storage.tsdb.max-block-duration
        </th>
        <td>
          36h
        </td>
      </tr>
      <tr
        key="storage.tsdb.min-block-duration"
      >
        <th>
          storage.tsdb.min-block-duration
        </th>
        <td>
          2h
        </td>
      </tr>
      <tr
        key="storage.tsdb.no-lockfile"
      >
        <th>
          storage.tsdb.no-lockfile
        </th>
        <td>
          false
        </td>
      </tr>
      <tr
        key="storage.tsdb.path"
      >
        <th>
          storage.tsdb.path
        </th>
        <td>
          data/
        </td>
      </tr>
      <tr
        key="storage.tsdb.retention"
      >
        <th>
          storage.tsdb.retention
        </th>
        <td>
          0s
        </td>
      </tr>
      <tr
        key="storage.tsdb.retention.size"
      >
        <th>
          storage.tsdb.retention.size
        </th>
        <td>
          0B
        </td>
      </tr>
      <tr
        key="storage.tsdb.retention.time"
      >
        <th>
          storage.tsdb.retention.time
        </th>
        <td>
          0s
        </td>
      </tr>
      <tr
        key="storage.tsdb.wal-compression"
      >
        <th>
          storage.tsdb.wal-compression
        </th>
        <td>
          false
        </td>
      </tr>
      <tr
        key="storage.tsdb.wal-segment-size"
      >
        <th>
          storage.tsdb.wal-segment-size
        </th>
        <td>
          0B
        </td>
      </tr>
      <tr
        key="web.console.libraries"
      >
        <th>
          web.console.libraries
        </th>
        <td>
          console_libraries
        </td>
      </tr>
      <tr
        key="web.console.templates"
      >
        <th>
          web.console.templates
        </th>
        <td>
          consoles
        </td>
      </tr>
      <tr
        key="web.cors.origin"
      >
        <th>
          web.cors.origin
        </th>
        <td>
          .*
        </td>
      </tr>
      <tr
        key="web.enable-admin-api"
      >
        <th>
          web.enable-admin-api
        </th>
        <td>
          false
        </td>
      </tr>
      <tr
        key="web.enable-lifecycle"
      >
        <th>
          web.enable-lifecycle
        </th>
        <td>
          false
        </td>
      </tr>
      <tr
        key="web.external-url"
      >
        <th>
          web.external-url
        </th>
        <td />
      </tr>
      <tr
        key="web.listen-address"
      >
        <th>
          web.listen-address
        </th>
        <td>
          0.0.0.0:9090
        </td>
      </tr>
      <tr
        key="web.max-connections"
      >
        <th>
          web.max-connections
        </th>
        <td>
          512
        </td>
      </tr>
      <tr
        key="web.page-title"
      >
        <th>
          web.page-title
        </th>
        <td>
          Prometheus Time Series Collection and Processing Server
        </td>
      </tr>
      <tr
        key="web.read-timeout"
      >
        <th>
          web.read-timeout
        </th>
        <td>
          5m
        </td>
      </tr>
      <tr
        key="web.route-prefix"
      >
        <th>
          web.route-prefix
        </th>
        <td>
          /
        </td>
      </tr>
      <tr
        key="web.user-assets"
      >
        <th>
          web.user-assets
        </th>
        <td />
      </tr>
    </tbody>
  </Table>
</Fragment>
`;
