// Jest Snapshot v1, https://goo.gl/fbAQLP

exports[`SeriesLabels renders discovered labels 1`] = `
<Fragment>
  <div
    className="series-labels-container"
    id="series-labels"
  >
    <SeriesLabel
      key="instance"
      labelKey="instance"
      labelValue="localhost:9100"
    />
    <SeriesLabel
      key="job"
      labelKey="job"
      labelValue="node_exporter"
    />
    <SeriesLabel
      key="foo"
      labelKey="foo"
      labelValue="bar"
    />
  </div>
  <Tooltip
    autohide={true}
    isOpen={false}
    placement="top"
    placementPrefix="bs-tooltip"
    target="series-labels"
    toggle={[Function]}
    trigger="click hover focus"
  >
    <b>
      Before relabeling:
    </b>
    <br />
    <span>
      __address__="localhost:9100"
    </span>
    <br />
    <span>
      __metrics_path__="/metrics"
    </span>
    <br />
    <span>
      __scheme__="http"
    </span>
    <br />
    <span>
      job="node_exporter"
    </span>
  </Tooltip>
</Fragment>
`;
