// Jest Snapshot v1, https://goo.gl/fbAQLP

exports[`targetScrapeDuration renders scrape interval and timeout 1`] = `
<Fragment>
  <div
    className="scrape-duration-container"
    id="scrape-duration-cortex/node-exporter_group/0-1"
  >
    8.000ms
  </div>
  <Tooltip
    autohide={true}
    isOpen={false}
    placement="top"
    placementPrefix="bs-tooltip"
    style={
      Object {
        "maxWidth": "none",
        "textAlign": "left",
      }
    }
    target="scrape-duration-cortex\\\\/node-exporter_group\\\\/0-1"
    toggle={[Function]}
    trigger="hover focus"
  >
    <span>
      Interval: 
      15s
    </span>
    <br />
  </Tooltip>
</Fragment>
`;
